Jun  2 19:15:09 onie local0.info onie: Starting: dropbear ssh daemon...
Jun  2 19:15:09 onie local0.info onie:  done.
Jun  2 19:15:09 onie local0.info onie: Starting: telnetd...
Jun  2 19:15:09 onie local0.info onie:  done.
Jun  2 19:15:09 onie local0.info onie: Starting: discover...
Jun  2 19:15:09 onie local0.info onie:  done.
Jun  2 19:15:09 onie local0.info onie: Info: eth0:  Checking link... 
Jun  2 19:15:09 onie local0.info onie: up.
Jun  2 19:15:09 onie local0.info onie: Info: Trying DHCPv4 on interface: eth0
Jun  2 19:15:09 onie local0.info onie: ONIE: Using DHCPv4 addr: eth0: 10.1.1.222 / 255.255.255.0
Jun  2 19:15:09 onie local0.info discover: ONIE: Starting ONIE Service Discovery
Jun  2 19:15:19 onie local0.info discover: [truncated] onie_neighs = 10.1.1.1,fe80::eeb1:d7ff:fe72:2a10-eth0,fe80::9ab7:85ff:fe01:3bfb-eth0,fe80::be24:11ff:fe06:80c2-eth0,fe80::225:90ff:fecc:b724-eth0,fe80::be24:11ff:fe7d:8e32-eth0,fe80::9ab7:85ff:fe01:3f3f-eth0,fe80
Jun  2 19:15:19 onie local0.info discover: onie_disco_router = 10.1.1.1
Jun  2 19:15:19 onie local0.info discover: onie_disco_subnet = 255.255.255.0
Jun  2 19:15:19 onie local0.info discover: onie_disco_domain = frostlane.net
Jun  2 19:15:19 onie local0.info discover: onie_disco_interface = eth0
Jun  2 19:15:19 onie local0.info discover: onie_disco_dns = 10.1.1.1
Jun  2 19:15:19 onie local0.info discover: onie_disco_serverid = 10.1.1.1
Jun  2 19:15:19 onie local0.info discover: onie_disco_boot_reason = install
Jun  2 19:15:19 onie local0.info discover: onie_disco_ip = 10.1.1.222
Jun  2 19:15:19 onie local0.info discover: onie_disco_serial_num = 561052X1916063
Jun  2 19:15:19 onie local0.info discover: onie_disco_eth_addr = 80:A2:35:81:CA:AE
Jun  2 19:15:19 onie local0.info discover: onie_disco_lease = 7198
Jun  2 19:15:19 onie local0.info discover: onie_disco_mask = 24
Jun  2 19:15:19 onie local0.info discover: onie_disco_opt53 = 05
Jun  2 19:15:19 onie local0.info onie-exec: Info: Fetching http://10.1.1.1/onie-installer-powerpc-accton_as5610_52x-r0 ...
Jun  2 19:15:19 onie local0.info onie-exec: Info: Fetching http://10.1.1.1/onie-installer-powerpc-accton_as5610_52x ...
Jun  2 19:15:19 onie local0.info onie-exec: Info: Fetching http://10.1.1.1/onie-installer-accton_as5610_52x ...
Jun  2 19:15:19 onie local0.info onie-exec: Info: Fetching http://10.1.1.1/onie-installer-powerpc-bcm ...
Jun  2 19:15:19 onie local0.info onie-exec: Info: Fetching http://10.1.1.1/onie-installer-powerpc ...
Jun  2 19:15:19 onie local0.info onie-exec: Info: Fetching http://10.1.1.1/onie-installer ...
Jun  2 19:15:19 onie local0.info onie-exec: Info: Fetching http://fe80::be24:11ff:fe06:80c2%eth0/onie-installer-powerpc-accton_as5610_52x-r0 ...
Jun  2 19:15:19 onie local0.info onie-exec: Info: Fetching http://fe80::be24:11ff:fe06:80c2%eth0/onie-installer-powerpc-accton_as5610_52x ...
Jun  2 19:15:19 onie local0.info onie-exec: Info: Fetching http://fe80::be24:11ff:fe06:80c2%eth0/onie-installer-accton_as5610_52x ...
Jun  2 19:15:19 onie local0.info onie-exec: Info: Fetching http://fe80::be24:11ff:fe06:80c2%eth0/onie-installer-powerpc-bcm ...
Jun  2 19:15:19 onie local0.info onie-exec: Info: Fetching http://fe80::be24:11ff:fe06:80c2%eth0/onie-installer-powerpc ...
Jun  2 19:15:19 onie local0.info onie-exec: Info: Fetching http://fe80::be24:11ff:fe06:80c2%eth0/onie-installer ...
Jun  2 19:15:19 onie local0.info onie-exec: Info: Fetching http://fe80::225:90ff:fecc:b724%eth0/onie-installer-powerpc-accton_as5610_52x-r0 ...
Jun  2 19:15:19 onie local0.info onie-exec: Info: Fetching http://fe80::225:90ff:fecc:b724%eth0/onie-installer-powerpc-accton_as5610_52x ...
Jun  2 19:15:19 onie local0.info onie-exec: Info: Fetching http://fe80::225:90ff:fecc:b724%eth0/onie-installer-accton_as5610_52x ...
Jun  2 19:15:19 onie local0.info onie-exec: Info: Fetching http://fe80::225:90ff:fecc:b724%eth0/onie-installer-powerpc-bcm ...
Jun  2 19:15:19 onie local0.info onie-exec: Info: Fetching http://fe80::225:90ff:fecc:b724%eth0/onie-installer-powerpc ...
Jun  2 19:15:19 onie local0.info onie-exec: Info: Fetching http://fe80::225:90ff:fecc:b724%eth0/onie-installer ...
Jun  2 19:15:19 onie local0.info onie-exec: Info: Fetching http://fe80::9899:ecff:fe75:13a6%eth0/onie-installer-powerpc-accton_as5610_52x-r0 ...
Jun  2 19:15:19 onie local0.info onie-exec: Info: Fetching http://fe80::9899:ecff:fe75:13a6%eth0/onie-installer-powerpc-accton_as5610_52x ...
Jun  2 19:15:19 onie local0.info onie-exec: Info: Fetching http://fe80::9899:ecff:fe75:13a6%eth0/onie-installer-accton_as5610_52x ...
Jun  2 19:15:19 onie local0.info onie-exec: Info: Fetching http://fe80::9899:ecff:fe75:13a6%eth0/onie-installer-powerpc-bcm ...
Jun  2 19:15:19 onie local0.info onie-exec: Info: Fetching http://fe80::9899:ecff:fe75:13a6%eth0/onie-installer-powerpc ...
Jun  2 19:15:19 onie local0.info onie-exec: Info: Fetching http://fe80::9899:ecff:fe75:13a6%eth0/onie-installer ...
Jun  2 19:15:19 onie local0.info onie-exec: Info: Fetching http://fe80::227c:14ff:fef4:7732%eth0/onie-installer-powerpc-accton_as5610_52x-r0 ...
Jun  2 19:15:19 onie local0.info onie-exec: Info: Fetching http://fe80::227c:14ff:fef4:7732%eth0/onie-installer-powerpc-accton_as5610_52x ...
Jun  2 19:15:19 onie local0.info onie-exec: Info: Fetching http://fe80::227c:14ff:fef4:7732%eth0/onie-installer-accton_as5610_52x ...
Jun  2 19:15:19 onie local0.info onie-exec: Info: Fetching http://fe80::227c:14ff:fef4:7732%eth0/onie-installer-powerpc-bcm ...
Jun  2 19:15:19 onie local0.info onie-exec: Info: Fetching http://fe80::227c:14ff:fef4:7732%eth0/onie-installer-powerpc ...
Jun  2 19:15:19 onie local0.info onie-exec: Info: Fetching http://fe80::227c:14ff:fef4:7732%eth0/onie-installer ...
Jun  2 19:15:20 onie local0.info onie-exec: Info: Fetching http://fe80::be24:11ff:fe17:f5cb%eth0/onie-installer-powerpc-accton_as5610_52x-r0 ...
Jun  2 19:15:20 onie local0.info onie-exec: Info: Fetching http://fe80::be24:11ff:fe17:f5cb%eth0/onie-installer-powerpc-accton_as5610_52x ...
Jun  2 19:15:20 onie local0.info onie-exec: Info: Fetching http://fe80::be24:11ff:fe17:f5cb%eth0/onie-installer-accton_as5610_52x ...
Jun  2 19:15:20 onie local0.info onie-exec: Info: Fetching http://fe80::be24:11ff:fe17:f5cb%eth0/onie-installer-powerpc-bcm ...
Jun  2 19:15:20 onie local0.info onie-exec: Info: Fetching http://fe80::be24:11ff:fe17:f5cb%eth0/onie-installer-powerpc ...
Jun  2 19:15:20 onie local0.info onie-exec: Info: Fetching http://fe80::be24:11ff:fe17:f5cb%eth0/onie-installer ...
Jun  2 19:15:20 onie local0.info onie-exec: Info: Fetching http://fe80::be24:11ff:fe2e:11f5%eth0/onie-installer-powerpc-accton_as5610_52x-r0 ...
Jun  2 19:15:20 onie local0.info onie-exec: Info: Fetching http://fe80::be24:11ff:fe2e:11f5%eth0/onie-installer-powerpc-accton_as5610_52x ...
Jun  2 19:15:20 onie local0.info onie-exec: Info: Fetching http://fe80::be24:11ff:fe2e:11f5%eth0/onie-installer-accton_as5610_52x ...
Jun  2 19:15:20 onie local0.info onie-exec: Info: Fetching http://fe80::be24:11ff:fe2e:11f5%eth0/onie-installer-powerpc-bcm ...
Jun  2 19:15:20 onie local0.info onie-exec: Info: Fetching http://fe80::be24:11ff:fe2e:11f5%eth0/onie-installer-powerpc ...
Jun  2 19:15:20 onie local0.info onie-exec: Info: Fetching http://fe80::be24:11ff:fe2e:11f5%eth0/onie-installer ...
Jun  2 19:15:20 onie local0.info onie-exec: Info: Fetching http://fe80::32ce:a904:5cb8:805f%eth0/onie-installer-powerpc-accton_as5610_52x-r0 ...
Jun  2 19:15:20 onie local0.info onie-exec: Info: Fetching http://fe80::32ce:a904:5cb8:805f%eth0/onie-installer-powerpc-accton_as5610_52x ...
Jun  2 19:15:20 onie local0.info onie-exec: Info: Fetching http://fe80::32ce:a904:5cb8:805f%eth0/onie-installer-accton_as5610_52x ...
Jun  2 19:15:20 onie local0.info onie-exec: Info: Fetching http://fe80::32ce:a904:5cb8:805f%eth0/onie-installer-powerpc-bcm ...
Jun  2 19:15:20 onie local0.info onie-exec: Info: Fetching http://fe80::32ce:a904:5cb8:805f%eth0/onie-installer-powerpc ...
Jun  2 19:15:20 onie local0.info onie-exec: Info: Fetching http://fe80::32ce:a904:5cb8:805f%eth0/onie-installer ...
Jun  2 19:15:20 onie local0.info onie-exec: Info: Fetching http://fe80::4abf:74ff:fe0f:73a9%eth0/onie-installer-powerpc-accton_as5610_52x-r0 ...
Jun  2 19:15:20 onie local0.info onie-exec: Info: Fetching http://fe80::4abf:74ff:fe0f:73a9%eth0/onie-installer-powerpc-accton_as5610_52x ...
Jun  2 19:15:20 onie local0.info onie-exec: Info: Fetching http://fe80::4abf:74ff:fe0f:73a9%eth0/onie-installer-accton_as5610_52x ...
Jun  2 19:15:20 onie local0.info onie-exec: Info: Fetching http://fe80::4abf:74ff:fe0f:73a9%eth0/onie-installer-powerpc-bcm ...
Jun  2 19:15:20 onie local0.info onie-exec: Info: Fetching http://fe80::4abf:74ff:fe0f:73a9%eth0/onie-installer-powerpc ...
Jun  2 19:15:20 onie local0.info onie-exec: Info: Fetching http://fe80::4abf:74ff:fe0f:73a9%eth0/onie-installer ...
Jun  2 19:15:20 onie local0.info onie-exec: Info: Fetching http://fe80::2c0:b7ff:feee:d37d%eth0/onie-installer-powerpc-accton_as5610_52x-r0 ...
Jun  2 19:15:20 onie local0.info onie-exec: Info: Fetching http://fe80::2c0:b7ff:feee:d37d%eth0/onie-installer-powerpc-accton_as5610_52x ...
Jun  2 19:15:21 onie local0.info onie-exec: Info: Fetching http://fe80::2c0:b7ff:feee:d37d%eth0/onie-installer-accton_as5610_52x ...
Jun  2 19:15:21 onie local0.info onie-exec: Info: Fetching http://fe80::2c0:b7ff:feee:d37d%eth0/onie-installer-powerpc-bcm ...
Jun  2 19:15:21 onie local0.info onie-exec: Info: Fetching http://fe80::2c0:b7ff:feee:d37d%eth0/onie-installer-powerpc ...
Jun  2 19:15:22 onie local0.info onie-exec: Info: Fetching http://fe80::2c0:b7ff:feee:d37d%eth0/onie-installer ...
Jun  2 19:15:23 onie local0.info onie-exec: Info: Fetching http://fe80::207:43ff:fe0c:4ab0%eth0/onie-installer-powerpc-accton_as5610_52x-r0 ...
Jun  2 19:15:23 onie local0.info onie-exec: Info: Fetching http://fe80::207:43ff:fe0c:4ab0%eth0/onie-installer-powerpc-accton_as5610_52x ...
Jun  2 19:15:23 onie local0.info onie-exec: Info: Fetching http://fe80::207:43ff:fe0c:4ab0%eth0/onie-installer-accton_as5610_52x ...
Jun  2 19:15:23 onie local0.info onie-exec: Info: Fetching http://fe80::207:43ff:fe0c:4ab0%eth0/onie-installer-powerpc-bcm ...
Jun  2 19:15:23 onie local0.info onie-exec: Info: Fetching http://fe80::207:43ff:fe0c:4ab0%eth0/onie-installer-powerpc ...
Jun  2 19:15:23 onie local0.info onie-exec: Info: Fetching http://fe80::207:43ff:fe0c:4ab0%eth0/onie-installer ...
Jun  2 19:15:23 onie local0.info onie-exec: Info: Fetching http://fe80::4aa9:8aff:fe30:5748%eth0/onie-installer-powerpc-accton_as5610_52x-r0 ...
Jun  2 19:15:23 onie local0.info onie-exec: Info: Fetching http://fe80::4aa9:8aff:fe30:5748%eth0/onie-installer-powerpc-accton_as5610_52x ...
Jun  2 19:15:23 onie local0.info onie-exec: Info: Fetching http://fe80::4aa9:8aff:fe30:5748%eth0/onie-installer-accton_as5610_52x ...
Jun  2 19:15:23 onie local0.info onie-exec: Info: Fetching http://fe80::4aa9:8aff:fe30:5748%eth0/onie-installer-powerpc-bcm ...
Jun  2 19:15:23 onie local0.info onie-exec: Info: Fetching http://fe80::4aa9:8aff:fe30:5748%eth0/onie-installer-powerpc ...
Jun  2 19:15:23 onie local0.info onie-exec: Info: Fetching http://fe80::4aa9:8aff:fe30:5748%eth0/onie-installer ...
Jun  2 19:15:23 onie local0.info onie-exec: Info: Fetching http://fe80::be24:11ff:fe8e:7b4a%eth0/onie-installer-powerpc-accton_as5610_52x-r0 ...
Jun  2 19:15:23 onie local0.info onie-exec: Info: Fetching http://fe80::be24:11ff:fe8e:7b4a%eth0/onie-installer-powerpc-accton_as5610_52x ...
Jun  2 19:15:23 onie local0.info onie-exec: Info: Fetching http://fe80::be24:11ff:fe8e:7b4a%eth0/onie-installer-accton_as5610_52x ...
Jun  2 19:15:23 onie local0.info onie-exec: Info: Fetching http://fe80::be24:11ff:fe8e:7b4a%eth0/onie-installer-powerpc-bcm ...
Jun  2 19:15:23 onie local0.info onie-exec: Info: Fetching http://fe80::be24:11ff:fe8e:7b4a%eth0/onie-installer-powerpc ...
Jun  2 19:15:23 onie local0.info onie-exec: Info: Fetching http://fe80::be24:11ff:fe8e:7b4a%eth0/onie-installer ...
Jun  2 19:15:23 onie local0.info onie-exec: Info: Fetching http://fe80::be24:11ff:fe93:653f%eth0/onie-installer-powerpc-accton_as5610_52x-r0 ...
Jun  2 19:15:23 onie local0.info onie-exec: Info: Fetching http://fe80::be24:11ff:fe93:653f%eth0/onie-installer-powerpc-accton_as5610_52x ...
Jun  2 19:15:23 onie local0.info onie-exec: Info: Fetching http://fe80::be24:11ff:fe93:653f%eth0/onie-installer-accton_as5610_52x ...
Jun  2 19:15:23 onie local0.info onie-exec: Info: Fetching http://fe80::be24:11ff:fe93:653f%eth0/onie-installer-powerpc-bcm ...
Jun  2 19:15:23 onie local0.info onie-exec: Info: Fetching http://fe80::be24:11ff:fe93:653f%eth0/onie-installer-powerpc ...
Jun  2 19:15:23 onie local0.info onie-exec: Info: Fetching http://fe80::be24:11ff:fe93:653f%eth0/onie-installer ...
Jun  2 19:15:24 onie local0.info onie-exec: Info: Fetching http://fe80::be24:11ff:fe6e:d9a1%eth0/onie-installer-powerpc-accton_as5610_52x-r0 ...
Jun  2 19:15:24 onie local0.info onie-exec: Info: Fetching http://fe80::be24:11ff:fe6e:d9a1%eth0/onie-installer-powerpc-accton_as5610_52x ...
Jun  2 19:15:24 onie local0.info onie-exec: Info: Fetching http://fe80::be24:11ff:fe6e:d9a1%eth0/onie-installer-accton_as5610_52x ...
Jun  2 19:15:24 onie local0.info onie-exec: Info: Fetching http://fe80::be24:11ff:fe6e:d9a1%eth0/onie-installer-powerpc-bcm ...
Jun  2 19:15:24 onie local0.info onie-exec: Info: Fetching http://fe80::be24:11ff:fe6e:d9a1%eth0/onie-installer-powerpc ...
Jun  2 19:15:24 onie local0.info onie-exec: Info: Fetching http://fe80::be24:11ff:fe6e:d9a1%eth0/onie-installer ...
Jun  2 19:15:24 onie local0.info onie-exec: Info: Fetching http://fe80::16ae:dbff:fe2e:a53%eth0/onie-installer-powerpc-accton_as5610_52x-r0 ...
Jun  2 19:15:24 onie local0.info onie-exec: Info: Fetching http://fe80::16ae:dbff:fe2e:a53%eth0/onie-installer-powerpc-accton_as5610_52x ...
Jun  2 19:15:24 onie local0.info onie-exec: Info: Fetching http://fe80::16ae:dbff:fe2e:a53%eth0/onie-installer-accton_as5610_52x ...
Jun  2 19:15:24 onie local0.info onie-exec: Info: Fetching http://fe80::16ae:dbff:fe2e:a53%eth0/onie-installer-powerpc-bcm ...
Jun  2 19:15:24 onie local0.info onie-exec: Info: Fetching http://fe80::16ae:dbff:fe2e:a53%eth0/onie-installer-powerpc ...
Jun  2 19:15:24 onie local0.info onie-exec: Info: Fetching http://fe80::16ae:dbff:fe2e:a53%eth0/onie-installer ...
Jun  2 19:15:24 onie local0.info onie-exec: Info: Fetching tftp://onie-server/80-A2-35-81-CA-AE/onie-installer-powerpc-accton_as5610_52x-r0 ...
Jun  2 19:15:24 onie local0.info onie-exec: Info: Fetching tftp://onie-server/0A0101DE/onie-installer-powerpc-accton_as5610_52x-r0 ...
Jun  2 19:15:24 onie local0.info onie-exec: Info: Fetching tftp://onie-server/0A0101D/onie-installer-powerpc-accton_as5610_52x-r0 ...
Jun  2 19:15:24 onie local0.info onie-exec: Info: Fetching tftp://onie-server/0A0101/onie-installer-powerpc-accton_as5610_52x-r0 ...
Jun  2 19:15:24 onie local0.info onie-exec: Info: Fetching tftp://onie-server/0A010/onie-installer-powerpc-accton_as5610_52x-r0 ...
Jun  2 19:15:24 onie local0.info onie-exec: Info: Fetching tftp://onie-server/0A01/onie-installer-powerpc-accton_as5610_52x-r0 ...
Jun  2 19:15:24 onie local0.info onie-exec: Info: Fetching tftp://onie-server/0A0/onie-installer-powerpc-accton_as5610_52x-r0 ...
Jun  2 19:15:24 onie local0.info onie-exec: Info: Fetching tftp://onie-server/0A/onie-installer-powerpc-accton_as5610_52x-r0 ...
Jun  2 19:15:24 onie local0.info onie-exec: Info: Fetching tftp://onie-server/0/onie-installer-powerpc-accton_as5610_52x-r0 ...
Jun  2 19:15:24 onie local0.info onie-exec: Info: Fetching tftp://onie-server/onie-installer-powerpc-accton_as5610_52x-r0 ...
Jun  2 19:15:24 onie local0.info onie-exec: Info: Fetching tftp://onie-server/onie-installer-powerpc-accton_as5610_52x ...
Jun  2 19:15:24 onie local0.info onie-exec: Info: Fetching tftp://onie-server/onie-installer-accton_as5610_52x ...
Jun  2 19:15:24 onie local0.info onie-exec: Info: Fetching tftp://onie-server/onie-installer-powerpc-bcm ...
Jun  2 19:15:24 onie local0.info onie-exec: Info: Fetching tftp://onie-server/onie-installer-powerpc ...
Jun  2 19:15:24 onie local0.info onie-exec: Info: Fetching tftp://onie-server/onie-installer ...
Jun  2 19:15:24 onie local0.info discover: Info: Sleeping for 20 seconds 
Jun  2 19:15:24 onie local0.info discover: 4..
Jun  2 19:15:29 onie local0.info discover: 3..
Jun  2 19:15:34 onie local0.info discover: 2..
Jun  2 19:15:39 onie local0.info discover: 1..
Jun  2 19:15:44 onie local0.info onie: Info: eth0:  Checking link... 
Jun  2 19:15:44 onie local0.info onie: up.
Jun  2 19:15:44 onie local0.info onie: Info: Trying DHCPv4 on interface: eth0
Jun  2 19:15:44 onie local0.info onie: ONIE: Using DHCPv4 addr: eth0: 10.1.1.222 / 255.255.255.0
Jun  2 19:15:44 onie local0.info discover: ONIE: Starting ONIE Service Discovery
Jun  2 19:15:53 onie local0.info discover: [truncated] onie_neighs = 10.1.1.1,fe80::eeb1:d7ff:fe72:2a10-eth0,fe80::9ab7:85ff:fe01:3bfb-eth0,fe80::be24:11ff:fe06:80c2-eth0,fe80::225:90ff:fecc:b724-eth0,fe80::be24:11ff:fe7d:8e32-eth0,fe80::9ab7:85ff:fe01:3f3f-eth0,fe80
Jun  2 19:15:53 onie local0.info discover: onie_disco_router = 10.1.1.1
Jun  2 19:15:53 onie local0.info discover: onie_disco_subnet = 255.255.255.0
Jun  2 19:15:53 onie local0.info discover: onie_disco_domain = frostlane.net
Jun  2 19:15:53 onie local0.info discover: onie_disco_interface = eth0
Jun  2 19:15:53 onie local0.info discover: onie_disco_dns = 10.1.1.1
Jun  2 19:15:53 onie local0.info discover: onie_disco_serverid = 10.1.1.1
Jun  2 19:15:53 onie local0.info discover: onie_disco_boot_reason = install
Jun  2 19:15:53 onie local0.info discover: onie_disco_ip = 10.1.1.222
Jun  2 19:15:53 onie local0.info discover: onie_disco_serial_num = 561052X1916063
Jun  2 19:15:53 onie local0.info discover: onie_disco_eth_addr = 80:A2:35:81:CA:AE
Jun  2 19:15:53 onie local0.info discover: onie_disco_lease = 7164
Jun  2 19:15:53 onie local0.info discover: onie_disco_mask = 24
Jun  2 19:15:53 onie local0.info discover: onie_disco_opt53 = 05
Jun  2 19:15:53 onie local0.info onie-exec: Info: Fetching http://10.1.1.1/onie-installer-powerpc-accton_as5610_52x-r0 ...
Jun  2 19:15:53 onie local0.info onie-exec: Info: Fetching http://10.1.1.1/onie-installer-powerpc-accton_as5610_52x ...
Jun  2 19:15:53 onie local0.info onie-exec: Info: Fetching http://10.1.1.1/onie-installer-accton_as5610_52x ...
Jun  2 19:15:53 onie local0.info onie-exec: Info: Fetching http://10.1.1.1/onie-installer-powerpc-bcm ...
Jun  2 19:15:53 onie local0.info onie-exec: Info: Fetching http://10.1.1.1/onie-installer-powerpc ...
Jun  2 19:15:53 onie local0.info onie-exec: Info: Fetching http://10.1.1.1/onie-installer ...
Jun  2 19:15:53 onie local0.info onie-exec: Info: Fetching http://fe80::be24:11ff:fe06:80c2%eth0/onie-installer-powerpc-accton_as5610_52x-r0 ...
Jun  2 19:15:53 onie local0.info onie-exec: Info: Fetching http://fe80::be24:11ff:fe06:80c2%eth0/onie-installer-powerpc-accton_as5610_52x ...
Jun  2 19:15:54 onie local0.info onie-exec: Info: Fetching http://fe80::be24:11ff:fe06:80c2%eth0/onie-installer-accton_as5610_52x ...
Jun  2 19:15:54 onie local0.info onie-exec: Info: Fetching http://fe80::be24:11ff:fe06:80c2%eth0/onie-installer-powerpc-bcm ...
Jun  2 19:15:54 onie local0.info onie-exec: Info: Fetching http://fe80::be24:11ff:fe06:80c2%eth0/onie-installer-powerpc ...
Jun  2 19:15:54 onie local0.info onie-exec: Info: Fetching http://fe80::be24:11ff:fe06:80c2%eth0/onie-installer ...
Jun  2 19:15:54 onie local0.info onie-exec: Info: Fetching http://fe80::225:90ff:fecc:b724%eth0/onie-installer-powerpc-accton_as5610_52x-r0 ...
Jun  2 19:15:54 onie local0.info onie-exec: Info: Fetching http://fe80::225:90ff:fecc:b724%eth0/onie-installer-powerpc-accton_as5610_52x ...
Jun  2 19:15:54 onie local0.info onie-exec: Info: Fetching http://fe80::225:90ff:fecc:b724%eth0/onie-installer-accton_as5610_52x ...
Jun  2 19:15:54 onie local0.info onie-exec: Info: Fetching http://fe80::225:90ff:fecc:b724%eth0/onie-installer-powerpc-bcm ...
Jun  2 19:15:54 onie local0.info onie-exec: Info: Fetching http://fe80::225:90ff:fecc:b724%eth0/onie-installer-powerpc ...
Jun  2 19:15:54 onie local0.info onie-exec: Info: Fetching http://fe80::225:90ff:fecc:b724%eth0/onie-installer ...
Jun  2 19:15:54 onie local0.info onie-exec: Info: Fetching http://fe80::9899:ecff:fe75:13a6%eth0/onie-installer-powerpc-accton_as5610_52x-r0 ...
Jun  2 19:15:54 onie local0.info onie-exec: Info: Fetching http://fe80::9899:ecff:fe75:13a6%eth0/onie-installer-powerpc-accton_as5610_52x ...
Jun  2 19:15:54 onie local0.info onie-exec: Info: Fetching http://fe80::9899:ecff:fe75:13a6%eth0/onie-installer-accton_as5610_52x ...
Jun  2 19:15:54 onie local0.info onie-exec: Info: Fetching http://fe80::9899:ecff:fe75:13a6%eth0/onie-installer-powerpc-bcm ...
Jun  2 19:15:54 onie local0.info onie-exec: Info: Fetching http://fe80::9899:ecff:fe75:13a6%eth0/onie-installer-powerpc ...
Jun  2 19:15:54 onie local0.info onie-exec: Info: Fetching http://fe80::9899:ecff:fe75:13a6%eth0/onie-installer ...
Jun  2 19:15:54 onie local0.info onie-exec: Info: Fetching http://fe80::227c:14ff:fef4:7732%eth0/onie-installer-powerpc-accton_as5610_52x-r0 ...
Jun  2 19:15:54 onie local0.info onie-exec: Info: Fetching http://fe80::227c:14ff:fef4:7732%eth0/onie-installer-powerpc-accton_as5610_52x ...
Jun  2 19:15:54 onie local0.info onie-exec: Info: Fetching http://fe80::227c:14ff:fef4:7732%eth0/onie-installer-accton_as5610_52x ...
Jun  2 19:15:54 onie local0.info onie-exec: Info: Fetching http://fe80::227c:14ff:fef4:7732%eth0/onie-installer-powerpc-bcm ...
Jun  2 19:15:54 onie local0.info onie-exec: Info: Fetching http://fe80::227c:14ff:fef4:7732%eth0/onie-installer-powerpc ...
Jun  2 19:15:54 onie local0.info onie-exec: Info: Fetching http://fe80::227c:14ff:fef4:7732%eth0/onie-installer ...
Jun  2 19:15:54 onie local0.info onie-exec: Info: Fetching http://fe80::be24:11ff:fe17:f5cb%eth0/onie-installer-powerpc-accton_as5610_52x-r0 ...
Jun  2 19:15:54 onie local0.info onie-exec: Info: Fetching http://fe80::be24:11ff:fe17:f5cb%eth0/onie-installer-powerpc-accton_as5610_52x ...
Jun  2 19:15:54 onie local0.info onie-exec: Info: Fetching http://fe80::be24:11ff:fe17:f5cb%eth0/onie-installer-accton_as5610_52x ...
Jun  2 19:15:54 onie local0.info onie-exec: Info: Fetching http://fe80::be24:11ff:fe17:f5cb%eth0/onie-installer-powerpc-bcm ...
Jun  2 19:15:54 onie local0.info onie-exec: Info: Fetching http://fe80::be24:11ff:fe17:f5cb%eth0/onie-installer-powerpc ...
Jun  2 19:15:54 onie local0.info onie-exec: Info: Fetching http://fe80::be24:11ff:fe17:f5cb%eth0/onie-installer ...
Jun  2 19:15:54 onie local0.info onie-exec: Info: Fetching http://fe80::be24:11ff:fe2e:11f5%eth0/onie-installer-powerpc-accton_as5610_52x-r0 ...
Jun  2 19:15:54 onie local0.info onie-exec: Info: Fetching http://fe80::be24:11ff:fe2e:11f5%eth0/onie-installer-powerpc-accton_as5610_52x ...
Jun  2 19:15:54 onie local0.info onie-exec: Info: Fetching http://fe80::be24:11ff:fe2e:11f5%eth0/onie-installer-accton_as5610_52x ...
Jun  2 19:15:54 onie local0.info onie-exec: Info: Fetching http://fe80::be24:11ff:fe2e:11f5%eth0/onie-installer-powerpc-bcm ...
Jun  2 19:15:54 onie local0.info onie-exec: Info: Fetching http://fe80::be24:11ff:fe2e:11f5%eth0/onie-installer-powerpc ...
Jun  2 19:15:54 onie local0.info onie-exec: Info: Fetching http://fe80::be24:11ff:fe2e:11f5%eth0/onie-installer ...
Jun  2 19:15:54 onie local0.info onie-exec: Info: Fetching http://fe80::32ce:a904:5cb8:805f%eth0/onie-installer-powerpc-accton_as5610_52x-r0 ...
Jun  2 19:15:54 onie local0.info onie-exec: Info: Fetching http://fe80::32ce:a904:5cb8:805f%eth0/onie-installer-powerpc-accton_as5610_52x ...
Jun  2 19:15:54 onie local0.info onie-exec: Info: Fetching http://fe80::32ce:a904:5cb8:805f%eth0/onie-installer-accton_as5610_52x ...
Jun  2 19:15:54 onie local0.info onie-exec: Info: Fetching http://fe80::32ce:a904:5cb8:805f%eth0/onie-installer-powerpc-bcm ...
Jun  2 19:15:54 onie local0.info onie-exec: Info: Fetching http://fe80::32ce:a904:5cb8:805f%eth0/onie-installer-powerpc ...
Jun  2 19:15:54 onie local0.info onie-exec: Info: Fetching http://fe80::32ce:a904:5cb8:805f%eth0/onie-installer ...
Jun  2 19:15:55 onie local0.info onie-exec: Info: Fetching http://fe80::4abf:74ff:fe0f:73a9%eth0/onie-installer-powerpc-accton_as5610_52x-r0 ...
Jun  2 19:15:55 onie local0.info onie-exec: Info: Fetching http://fe80::4abf:74ff:fe0f:73a9%eth0/onie-installer-powerpc-accton_as5610_52x ...
Jun  2 19:15:55 onie local0.info onie-exec: Info: Fetching http://fe80::4abf:74ff:fe0f:73a9%eth0/onie-installer-accton_as5610_52x ...
Jun  2 19:15:55 onie local0.info onie-exec: Info: Fetching http://fe80::4abf:74ff:fe0f:73a9%eth0/onie-installer-powerpc-bcm ...
Jun  2 19:15:55 onie local0.info onie-exec: Info: Fetching http://fe80::4abf:74ff:fe0f:73a9%eth0/onie-installer-powerpc ...
Jun  2 19:15:55 onie local0.info onie-exec: Info: Fetching http://fe80::4abf:74ff:fe0f:73a9%eth0/onie-installer ...
Jun  2 19:15:55 onie local0.info onie-exec: Info: Fetching http://fe80::2c0:b7ff:feee:d37d%eth0/onie-installer-powerpc-accton_as5610_52x-r0 ...
Jun  2 19:15:55 onie local0.info onie-exec: Info: Fetching http://fe80::2c0:b7ff:feee:d37d%eth0/onie-installer-powerpc-accton_as5610_52x ...
Jun  2 19:15:55 onie local0.info onie-exec: Info: Fetching http://fe80::2c0:b7ff:feee:d37d%eth0/onie-installer-accton_as5610_52x ...
Jun  2 19:15:56 onie local0.info onie-exec: Info: Fetching http://fe80::2c0:b7ff:feee:d37d%eth0/onie-installer-powerpc-bcm ...
Jun  2 19:15:56 onie local0.info onie-exec: Info: Fetching http://fe80::2c0:b7ff:feee:d37d%eth0/onie-installer-powerpc ...
Jun  2 19:15:56 onie local0.info onie-exec: Info: Fetching http://fe80::2c0:b7ff:feee:d37d%eth0/onie-installer ...
Jun  2 19:15:57 onie local0.info onie-exec: Info: Fetching http://fe80::207:43ff:fe0c:4ab0%eth0/onie-installer-powerpc-accton_as5610_52x-r0 ...
Jun  2 19:15:57 onie local0.info onie-exec: Info: Fetching http://fe80::207:43ff:fe0c:4ab0%eth0/onie-installer-powerpc-accton_as5610_52x ...
Jun  2 19:15:57 onie local0.info onie-exec: Info: Fetching http://fe80::207:43ff:fe0c:4ab0%eth0/onie-installer-accton_as5610_52x ...
Jun  2 19:15:57 onie local0.info onie-exec: Info: Fetching http://fe80::207:43ff:fe0c:4ab0%eth0/onie-installer-powerpc-bcm ...
Jun  2 19:15:57 onie local0.info onie-exec: Info: Fetching http://fe80::207:43ff:fe0c:4ab0%eth0/onie-installer-powerpc ...
Jun  2 19:15:57 onie local0.info onie-exec: Info: Fetching http://fe80::207:43ff:fe0c:4ab0%eth0/onie-installer ...
Jun  2 19:15:57 onie local0.info onie-exec: Info: Fetching http://fe80::4aa9:8aff:fe30:5748%eth0/onie-installer-powerpc-accton_as5610_52x-r0 ...
Jun  2 19:15:57 onie local0.info onie-exec: Info: Fetching http://fe80::4aa9:8aff:fe30:5748%eth0/onie-installer-powerpc-accton_as5610_52x ...
Jun  2 19:15:57 onie local0.info onie-exec: Info: Fetching http://fe80::4aa9:8aff:fe30:5748%eth0/onie-installer-accton_as5610_52x ...
Jun  2 19:15:57 onie local0.info onie-exec: Info: Fetching http://fe80::4aa9:8aff:fe30:5748%eth0/onie-installer-powerpc-bcm ...
Jun  2 19:15:57 onie local0.info onie-exec: Info: Fetching http://fe80::4aa9:8aff:fe30:5748%eth0/onie-installer-powerpc ...
Jun  2 19:15:57 onie local0.info onie-exec: Info: Fetching http://fe80::4aa9:8aff:fe30:5748%eth0/onie-installer ...
Jun  2 19:15:57 onie local0.info onie-exec: Info: Fetching http://fe80::be24:11ff:fe8e:7b4a%eth0/onie-installer-powerpc-accton_as5610_52x-r0 ...
Jun  2 19:15:57 onie local0.info onie-exec: Info: Fetching http://fe80::be24:11ff:fe8e:7b4a%eth0/onie-installer-powerpc-accton_as5610_52x ...
Jun  2 19:15:57 onie local0.info onie-exec: Info: Fetching http://fe80::be24:11ff:fe8e:7b4a%eth0/onie-installer-accton_as5610_52x ...
Jun  2 19:15:57 onie local0.info onie-exec: Info: Fetching http://fe80::be24:11ff:fe8e:7b4a%eth0/onie-installer-powerpc-bcm ...
Jun  2 19:15:57 onie local0.info onie-exec: Info: Fetching http://fe80::be24:11ff:fe8e:7b4a%eth0/onie-installer-powerpc ...
Jun  2 19:15:57 onie local0.info onie-exec: Info: Fetching http://fe80::be24:11ff:fe8e:7b4a%eth0/onie-installer ...
Jun  2 19:15:57 onie local0.info onie-exec: Info: Fetching http://fe80::be24:11ff:fe93:653f%eth0/onie-installer-powerpc-accton_as5610_52x-r0 ...
Jun  2 19:15:57 onie local0.info onie-exec: Info: Fetching http://fe80::be24:11ff:fe93:653f%eth0/onie-installer-powerpc-accton_as5610_52x ...
Jun  2 19:15:57 onie local0.info onie-exec: Info: Fetching http://fe80::be24:11ff:fe93:653f%eth0/onie-installer-accton_as5610_52x ...
Jun  2 19:15:57 onie local0.info onie-exec: Info: Fetching http://fe80::be24:11ff:fe93:653f%eth0/onie-installer-powerpc-bcm ...
Jun  2 19:15:57 onie local0.info onie-exec: Info: Fetching http://fe80::be24:11ff:fe93:653f%eth0/onie-installer-powerpc ...
Jun  2 19:15:57 onie local0.info onie-exec: Info: Fetching http://fe80::be24:11ff:fe93:653f%eth0/onie-installer ...
Jun  2 19:15:57 onie local0.info onie-exec: Info: Fetching http://fe80::be24:11ff:fe6e:d9a1%eth0/onie-installer-powerpc-accton_as5610_52x-r0 ...
Jun  2 19:15:57 onie local0.info onie-exec: Info: Fetching http://fe80::be24:11ff:fe6e:d9a1%eth0/onie-installer-powerpc-accton_as5610_52x ...
Jun  2 19:15:57 onie local0.info onie-exec: Info: Fetching http://fe80::be24:11ff:fe6e:d9a1%eth0/onie-installer-accton_as5610_52x ...
Jun  2 19:15:57 onie local0.info onie-exec: Info: Fetching http://fe80::be24:11ff:fe6e:d9a1%eth0/onie-installer-powerpc-bcm ...
Jun  2 19:15:57 onie local0.info onie-exec: Info: Fetching http://fe80::be24:11ff:fe6e:d9a1%eth0/onie-installer-powerpc ...
Jun  2 19:15:57 onie local0.info onie-exec: Info: Fetching http://fe80::be24:11ff:fe6e:d9a1%eth0/onie-installer ...
Jun  2 19:15:57 onie local0.info onie-exec: Info: Fetching http://fe80::16ae:dbff:fe2e:a53%eth0/onie-installer-powerpc-accton_as5610_52x-r0 ...
Jun  2 19:15:57 onie local0.info onie-exec: Info: Fetching http://fe80::16ae:dbff:fe2e:a53%eth0/onie-installer-powerpc-accton_as5610_52x ...
Jun  2 19:15:57 onie local0.info onie-exec: Info: Fetching http://fe80::16ae:dbff:fe2e:a53%eth0/onie-installer-accton_as5610_52x ...
Jun  2 19:15:57 onie local0.info onie-exec: Info: Fetching http://fe80::16ae:dbff:fe2e:a53%eth0/onie-installer-powerpc-bcm ...
Jun  2 19:15:57 onie local0.info onie-exec: Info: Fetching http://fe80::16ae:dbff:fe2e:a53%eth0/onie-installer-powerpc ...
Jun  2 19:15:57 onie local0.info onie-exec: Info: Fetching http://fe80::16ae:dbff:fe2e:a53%eth0/onie-installer ...
Jun  2 19:15:57 onie local0.info onie-exec: Info: Fetching tftp://onie-server/80-A2-35-81-CA-AE/onie-installer-powerpc-accton_as5610_52x-r0 ...
Jun  2 19:15:57 onie local0.info onie-exec: Info: Fetching tftp://onie-server/0A0101DE/onie-installer-powerpc-accton_as5610_52x-r0 ...
Jun  2 19:15:57 onie local0.info onie-exec: Info: Fetching tftp://onie-server/0A0101D/onie-installer-powerpc-accton_as5610_52x-r0 ...
Jun  2 19:15:57 onie local0.info onie-exec: Info: Fetching tftp://onie-server/0A0101/onie-installer-powerpc-accton_as5610_52x-r0 ...
Jun  2 19:15:57 onie local0.info onie-exec: Info: Fetching tftp://onie-server/0A010/onie-installer-powerpc-accton_as5610_52x-r0 ...
Jun  2 19:15:57 onie local0.info onie-exec: Info: Fetching tftp://onie-server/0A01/onie-installer-powerpc-accton_as5610_52x-r0 ...
Jun  2 19:15:57 onie local0.info onie-exec: Info: Fetching tftp://onie-server/0A0/onie-installer-powerpc-accton_as5610_52x-r0 ...
Jun  2 19:15:58 onie local0.info onie-exec: Info: Fetching tftp://onie-server/0A/onie-installer-powerpc-accton_as5610_52x-r0 ...
Jun  2 19:15:58 onie local0.info onie-exec: Info: Fetching tftp://onie-server/0/onie-installer-powerpc-accton_as5610_52x-r0 ...
Jun  2 19:15:58 onie local0.info onie-exec: Info: Fetching tftp://onie-server/onie-installer-powerpc-accton_as5610_52x-r0 ...
Jun  2 19:15:58 onie local0.info onie-exec: Info: Fetching tftp://onie-server/onie-installer-powerpc-accton_as5610_52x ...
Jun  2 19:15:58 onie local0.info onie-exec: Info: Fetching tftp://onie-server/onie-installer-accton_as5610_52x ...
Jun  2 19:15:58 onie local0.info onie-exec: Info: Fetching tftp://onie-server/onie-installer-powerpc-bcm ...
Jun  2 19:15:58 onie local0.info onie-exec: Info: Fetching tftp://onie-server/onie-installer-powerpc ...
Jun  2 19:15:58 onie local0.info onie-exec: Info: Fetching tftp://onie-server/onie-installer ...
Jun  2 19:15:58 onie local0.info discover: Info: Sleeping for 20 seconds 
Jun  2 19:15:58 onie local0.info discover: 4..
Jun  2 19:16:03 onie local0.info discover: 3..
Jun  2 19:16:08 onie local0.info discover: 2..
Jun  2 19:16:13 onie local0.info discover: 1..
Jun  2 19:16:18 onie local0.info onie: Info: eth0:  Checking link... 
Jun  2 19:16:18 onie local0.info onie: up.
Jun  2 19:16:18 onie local0.info onie: Info: Trying DHCPv4 on interface: eth0
Jun  2 19:16:18 onie local0.info onie: ONIE: Using DHCPv4 addr: eth0: 10.1.1.222 / 255.255.255.0
Jun  2 19:16:18 onie local0.info discover: ONIE: Starting ONIE Service Discovery
Jun  2 19:16:27 onie local0.info discover: [truncated] onie_neighs = 10.1.1.30,10.1.1.1,fe80::eeb1:d7ff:fe72:2a10-eth0,fe80::9ab7:85ff:fe01:3bfb-eth0,fe80::be24:11ff:fe06:80c2-eth0,fe80::225:90ff:fecc:b724-eth0,fe80::be24:11ff:fe7d:8e32-eth0,fe80::9ab7:85ff:fe01:3f3f
Jun  2 19:16:27 onie local0.info discover: onie_disco_router = 10.1.1.1
Jun  2 19:16:27 onie local0.info discover: onie_disco_subnet = 255.255.255.0
Jun  2 19:16:27 onie local0.info discover: onie_disco_domain = frostlane.net
Jun  2 19:16:27 onie local0.info discover: onie_disco_interface = eth0
Jun  2 19:16:27 onie local0.info discover: onie_disco_dns = 10.1.1.1
Jun  2 19:16:27 onie local0.info discover: onie_disco_serverid = 10.1.1.1
Jun  2 19:16:27 onie local0.info discover: onie_disco_boot_reason = install
Jun  2 19:16:27 onie local0.info discover: onie_disco_ip = 10.1.1.222
Jun  2 19:16:27 onie local0.info discover: onie_disco_serial_num = 561052X1916063
Jun  2 19:16:27 onie local0.info discover: onie_disco_eth_addr = 80:A2:35:81:CA:AE
Jun  2 19:16:27 onie local0.info discover: onie_disco_lease = 7130
Jun  2 19:16:27 onie local0.info discover: onie_disco_mask = 24
Jun  2 19:16:27 onie local0.info discover: onie_disco_opt53 = 05
Jun  2 19:16:27 onie local0.info onie-exec: Info: Fetching http://10.1.1.1/onie-installer-powerpc-accton_as5610_52x-r0 ...
Jun  2 19:16:27 onie local0.info onie-exec: Info: Fetching http://10.1.1.1/onie-installer-powerpc-accton_as5610_52x ...
Jun  2 19:16:27 onie local0.info onie-exec: Info: Fetching http://10.1.1.1/onie-installer-accton_as5610_52x ...
Jun  2 19:16:27 onie local0.info onie-exec: Info: Fetching http://10.1.1.1/onie-installer-powerpc-bcm ...
Jun  2 19:16:27 onie local0.info onie-exec: Info: Fetching http://10.1.1.1/onie-installer-powerpc ...
Jun  2 19:16:27 onie local0.info onie-exec: Info: Fetching http://10.1.1.1/onie-installer ...
Jun  2 19:16:27 onie local0.info onie-exec: Info: Fetching http://fe80::be24:11ff:fe06:80c2%eth0/onie-installer-powerpc-accton_as5610_52x-r0 ...
Jun  2 19:16:27 onie local0.info onie-exec: Info: Fetching http://fe80::be24:11ff:fe06:80c2%eth0/onie-installer-powerpc-accton_as5610_52x ...
Jun  2 19:16:27 onie local0.info onie-exec: Info: Fetching http://fe80::be24:11ff:fe06:80c2%eth0/onie-installer-accton_as5610_52x ...
Jun  2 19:16:27 onie local0.info onie-exec: Info: Fetching http://fe80::be24:11ff:fe06:80c2%eth0/onie-installer-powerpc-bcm ...
Jun  2 19:16:27 onie local0.info onie-exec: Info: Fetching http://fe80::be24:11ff:fe06:80c2%eth0/onie-installer-powerpc ...
Jun  2 19:16:27 onie local0.info onie-exec: Info: Fetching http://fe80::be24:11ff:fe06:80c2%eth0/onie-installer ...
Jun  2 19:16:27 onie local0.info onie-exec: Info: Fetching http://fe80::225:90ff:fecc:b724%eth0/onie-installer-powerpc-accton_as5610_52x-r0 ...
Jun  2 19:16:27 onie local0.info onie-exec: Info: Fetching http://fe80::225:90ff:fecc:b724%eth0/onie-installer-powerpc-accton_as5610_52x ...
Jun  2 19:16:27 onie local0.info onie-exec: Info: Fetching http://fe80::225:90ff:fecc:b724%eth0/onie-installer-accton_as5610_52x ...
Jun  2 19:16:27 onie local0.info onie-exec: Info: Fetching http://fe80::225:90ff:fecc:b724%eth0/onie-installer-powerpc-bcm ...
Jun  2 19:16:27 onie local0.info onie-exec: Info: Fetching http://fe80::225:90ff:fecc:b724%eth0/onie-installer-powerpc ...
Jun  2 19:16:27 onie local0.info onie-exec: Info: Fetching http://fe80::225:90ff:fecc:b724%eth0/onie-installer ...
Jun  2 19:16:27 onie local0.info onie-exec: Info: Fetching http://fe80::9899:ecff:fe75:13a6%eth0/onie-installer-powerpc-accton_as5610_52x-r0 ...
Jun  2 19:16:27 onie local0.info onie-exec: Info: Fetching http://fe80::9899:ecff:fe75:13a6%eth0/onie-installer-powerpc-accton_as5610_52x ...
Jun  2 19:16:27 onie local0.info onie-exec: Info: Fetching http://fe80::9899:ecff:fe75:13a6%eth0/onie-installer-accton_as5610_52x ...
Jun  2 19:16:27 onie local0.info onie-exec: Info: Fetching http://fe80::9899:ecff:fe75:13a6%eth0/onie-installer-powerpc-bcm ...
Jun  2 19:16:27 onie local0.info onie-exec: Info: Fetching http://fe80::9899:ecff:fe75:13a6%eth0/onie-installer-powerpc ...
Jun  2 19:16:27 onie local0.info onie-exec: Info: Fetching http://fe80::9899:ecff:fe75:13a6%eth0/onie-installer ...
Jun  2 19:16:27 onie local0.info onie-exec: Info: Fetching http://fe80::227c:14ff:fef4:7732%eth0/onie-installer-powerpc-accton_as5610_52x-r0 ...
Jun  2 19:16:27 onie local0.info onie-exec: Info: Fetching http://fe80::227c:14ff:fef4:7732%eth0/onie-installer-powerpc-accton_as5610_52x ...
Jun  2 19:16:27 onie local0.info onie-exec: Info: Fetching http://fe80::227c:14ff:fef4:7732%eth0/onie-installer-accton_as5610_52x ...
Jun  2 19:16:28 onie local0.info onie-exec: Info: Fetching http://fe80::227c:14ff:fef4:7732%eth0/onie-installer-powerpc-bcm ...
Jun  2 19:16:28 onie local0.info onie-exec: Info: Fetching http://fe80::227c:14ff:fef4:7732%eth0/onie-installer-powerpc ...
Jun  2 19:16:28 onie local0.info onie-exec: Info: Fetching http://fe80::227c:14ff:fef4:7732%eth0/onie-installer ...
Jun  2 19:16:28 onie local0.info onie-exec: Info: Fetching http://fe80::be24:11ff:fe17:f5cb%eth0/onie-installer-powerpc-accton_as5610_52x-r0 ...
Jun  2 19:16:28 onie local0.info onie-exec: Info: Fetching http://fe80::be24:11ff:fe17:f5cb%eth0/onie-installer-powerpc-accton_as5610_52x ...
Jun  2 19:16:28 onie local0.info onie-exec: Info: Fetching http://fe80::be24:11ff:fe17:f5cb%eth0/onie-installer-accton_as5610_52x ...
Jun  2 19:16:28 onie local0.info onie-exec: Info: Fetching http://fe80::be24:11ff:fe17:f5cb%eth0/onie-installer-powerpc-bcm ...
Jun  2 19:16:28 onie local0.info onie-exec: Info: Fetching http://fe80::be24:11ff:fe17:f5cb%eth0/onie-installer-powerpc ...
Jun  2 19:16:28 onie local0.info onie-exec: Info: Fetching http://fe80::be24:11ff:fe17:f5cb%eth0/onie-installer ...
Jun  2 19:16:28 onie local0.info onie-exec: Info: Fetching http://fe80::be24:11ff:fe2e:11f5%eth0/onie-installer-powerpc-accton_as5610_52x-r0 ...
Jun  2 19:16:28 onie local0.info onie-exec: Info: Fetching http://fe80::be24:11ff:fe2e:11f5%eth0/onie-installer-powerpc-accton_as5610_52x ...
Jun  2 19:16:28 onie local0.info onie-exec: Info: Fetching http://fe80::be24:11ff:fe2e:11f5%eth0/onie-installer-accton_as5610_52x ...
Jun  2 19:16:28 onie local0.info onie-exec: Info: Fetching http://fe80::be24:11ff:fe2e:11f5%eth0/onie-installer-powerpc-bcm ...
Jun  2 19:16:28 onie local0.info onie-exec: Info: Fetching http://fe80::be24:11ff:fe2e:11f5%eth0/onie-installer-powerpc ...
Jun  2 19:16:28 onie local0.info onie-exec: Info: Fetching http://fe80::be24:11ff:fe2e:11f5%eth0/onie-installer ...
Jun  2 19:16:28 onie local0.info onie-exec: Info: Fetching http://fe80::32ce:a904:5cb8:805f%eth0/onie-installer-powerpc-accton_as5610_52x-r0 ...
Jun  2 19:16:28 onie local0.info onie-exec: Info: Fetching http://fe80::32ce:a904:5cb8:805f%eth0/onie-installer-powerpc-accton_as5610_52x ...
Jun  2 19:16:28 onie local0.info onie-exec: Info: Fetching http://fe80::32ce:a904:5cb8:805f%eth0/onie-installer-accton_as5610_52x ...
Jun  2 19:16:28 onie local0.info onie-exec: Info: Fetching http://fe80::32ce:a904:5cb8:805f%eth0/onie-installer-powerpc-bcm ...
Jun  2 19:16:28 onie local0.info onie-exec: Info: Fetching http://fe80::32ce:a904:5cb8:805f%eth0/onie-installer-powerpc ...
Jun  2 19:16:28 onie local0.info onie-exec: Info: Fetching http://fe80::32ce:a904:5cb8:805f%eth0/onie-installer ...
Jun  2 19:16:28 onie local0.info onie-exec: Info: Fetching http://fe80::4abf:74ff:fe0f:73a9%eth0/onie-installer-powerpc-accton_as5610_52x-r0 ...
Jun  2 19:16:28 onie local0.info onie-exec: Info: Fetching http://fe80::4abf:74ff:fe0f:73a9%eth0/onie-installer-powerpc-accton_as5610_52x ...
Jun  2 19:16:28 onie local0.info onie-exec: Info: Fetching http://fe80::4abf:74ff:fe0f:73a9%eth0/onie-installer-accton_as5610_52x ...
Jun  2 19:16:28 onie local0.info onie-exec: Info: Fetching http://fe80::4abf:74ff:fe0f:73a9%eth0/onie-installer-powerpc-bcm ...
Jun  2 19:16:28 onie local0.info onie-exec: Info: Fetching http://fe80::4abf:74ff:fe0f:73a9%eth0/onie-installer-powerpc ...
Jun  2 19:16:28 onie local0.info onie-exec: Info: Fetching http://fe80::4abf:74ff:fe0f:73a9%eth0/onie-installer ...
Jun  2 19:16:28 onie local0.info onie-exec: Info: Fetching http://fe80::2c0:b7ff:feee:d37d%eth0/onie-installer-powerpc-accton_as5610_52x-r0 ...
Jun  2 19:16:29 onie local0.info onie-exec: Info: Fetching http://fe80::2c0:b7ff:feee:d37d%eth0/onie-installer-powerpc-accton_as5610_52x ...
Jun  2 19:16:29 onie local0.info onie-exec: Info: Fetching http://fe80::2c0:b7ff:feee:d37d%eth0/onie-installer-accton_as5610_52x ...
Jun  2 19:16:29 onie local0.info onie-exec: Info: Fetching http://fe80::2c0:b7ff:feee:d37d%eth0/onie-installer-powerpc-bcm ...
Jun  2 19:16:30 onie local0.info onie-exec: Info: Fetching http://fe80::2c0:b7ff:feee:d37d%eth0/onie-installer-powerpc ...
Jun  2 19:16:30 onie local0.info onie-exec: Info: Fetching http://fe80::2c0:b7ff:feee:d37d%eth0/onie-installer ...
Jun  2 19:16:30 onie local0.info onie-exec: Info: Fetching http://fe80::207:43ff:fe0c:4ab0%eth0/onie-installer-powerpc-accton_as5610_52x-r0 ...
Jun  2 19:16:30 onie local0.info onie-exec: Info: Fetching http://fe80::207:43ff:fe0c:4ab0%eth0/onie-installer-powerpc-accton_as5610_52x ...
Jun  2 19:16:30 onie local0.info onie-exec: Info: Fetching http://fe80::207:43ff:fe0c:4ab0%eth0/onie-installer-accton_as5610_52x ...
Jun  2 19:16:30 onie local0.info onie-exec: Info: Fetching http://fe80::207:43ff:fe0c:4ab0%eth0/onie-installer-powerpc-bcm ...
Jun  2 19:16:30 onie local0.info onie-exec: Info: Fetching http://fe80::207:43ff:fe0c:4ab0%eth0/onie-installer-powerpc ...
Jun  2 19:16:30 onie local0.info onie-exec: Info: Fetching http://fe80::207:43ff:fe0c:4ab0%eth0/onie-installer ...
Jun  2 19:16:30 onie local0.info onie-exec: Info: Fetching http://fe80::4aa9:8aff:fe30:5748%eth0/onie-installer-powerpc-accton_as5610_52x-r0 ...
Jun  2 19:16:30 onie local0.info onie-exec: Info: Fetching http://fe80::4aa9:8aff:fe30:5748%eth0/onie-installer-powerpc-accton_as5610_52x ...
Jun  2 19:16:30 onie local0.info onie-exec: Info: Fetching http://fe80::4aa9:8aff:fe30:5748%eth0/onie-installer-accton_as5610_52x ...
Jun  2 19:16:30 onie local0.info onie-exec: Info: Fetching http://fe80::4aa9:8aff:fe30:5748%eth0/onie-installer-powerpc-bcm ...
Jun  2 19:16:30 onie local0.info onie-exec: Info: Fetching http://fe80::4aa9:8aff:fe30:5748%eth0/onie-installer-powerpc ...
Jun  2 19:16:30 onie local0.info onie-exec: Info: Fetching http://fe80::4aa9:8aff:fe30:5748%eth0/onie-installer ...
Jun  2 19:16:30 onie local0.info onie-exec: Info: Fetching http://fe80::be24:11ff:fe8e:7b4a%eth0/onie-installer-powerpc-accton_as5610_52x-r0 ...
Jun  2 19:16:30 onie local0.info onie-exec: Info: Fetching http://fe80::be24:11ff:fe8e:7b4a%eth0/onie-installer-powerpc-accton_as5610_52x ...
Jun  2 19:16:30 onie local0.info onie-exec: Info: Fetching http://fe80::be24:11ff:fe8e:7b4a%eth0/onie-installer-accton_as5610_52x ...
Jun  2 19:16:30 onie local0.info onie-exec: Info: Fetching http://fe80::be24:11ff:fe8e:7b4a%eth0/onie-installer-powerpc-bcm ...
Jun  2 19:16:31 onie local0.info onie-exec: Info: Fetching http://fe80::be24:11ff:fe8e:7b4a%eth0/onie-installer-powerpc ...
Jun  2 19:16:31 onie local0.info onie-exec: Info: Fetching http://fe80::be24:11ff:fe8e:7b4a%eth0/onie-installer ...
Jun  2 19:16:31 onie local0.info onie-exec: Info: Fetching http://fe80::be24:11ff:fe93:653f%eth0/onie-installer-powerpc-accton_as5610_52x-r0 ...
Jun  2 19:16:31 onie local0.info onie-exec: Info: Fetching http://fe80::be24:11ff:fe93:653f%eth0/onie-installer-powerpc-accton_as5610_52x ...
Jun  2 19:16:31 onie local0.info onie-exec: Info: Fetching http://fe80::be24:11ff:fe93:653f%eth0/onie-installer-accton_as5610_52x ...
Jun  2 19:16:31 onie local0.info onie-exec: Info: Fetching http://fe80::be24:11ff:fe93:653f%eth0/onie-installer-powerpc-bcm ...
Jun  2 19:16:31 onie local0.info onie-exec: Info: Fetching http://fe80::be24:11ff:fe93:653f%eth0/onie-installer-powerpc ...
Jun  2 19:16:31 onie local0.info onie-exec: Info: Fetching http://fe80::be24:11ff:fe93:653f%eth0/onie-installer ...
Jun  2 19:16:31 onie local0.info onie-exec: Info: Fetching http://fe80::be24:11ff:fe6e:d9a1%eth0/onie-installer-powerpc-accton_as5610_52x-r0 ...
Jun  2 19:16:31 onie local0.info onie-exec: Info: Fetching http://fe80::be24:11ff:fe6e:d9a1%eth0/onie-installer-powerpc-accton_as5610_52x ...
Jun  2 19:16:31 onie local0.info onie-exec: Info: Fetching http://fe80::be24:11ff:fe6e:d9a1%eth0/onie-installer-accton_as5610_52x ...
Jun  2 19:16:31 onie local0.info onie-exec: Info: Fetching http://fe80::be24:11ff:fe6e:d9a1%eth0/onie-installer-powerpc-bcm ...
Jun  2 19:16:31 onie local0.info onie-exec: Info: Fetching http://fe80::be24:11ff:fe6e:d9a1%eth0/onie-installer-powerpc ...
Jun  2 19:16:31 onie local0.info onie-exec: Info: Fetching http://fe80::be24:11ff:fe6e:d9a1%eth0/onie-installer ...
Jun  2 19:16:31 onie local0.info onie-exec: Info: Fetching http://fe80::16ae:dbff:fe2e:a53%eth0/onie-installer-powerpc-accton_as5610_52x-r0 ...
Jun  2 19:16:31 onie local0.info onie-exec: Info: Fetching http://fe80::16ae:dbff:fe2e:a53%eth0/onie-installer-powerpc-accton_as5610_52x ...
Jun  2 19:16:31 onie local0.info onie-exec: Info: Fetching http://fe80::16ae:dbff:fe2e:a53%eth0/onie-installer-accton_as5610_52x ...
Jun  2 19:16:31 onie local0.info onie-exec: Info: Fetching http://fe80::16ae:dbff:fe2e:a53%eth0/onie-installer-powerpc-bcm ...
Jun  2 19:16:31 onie local0.info onie-exec: Info: Fetching http://fe80::16ae:dbff:fe2e:a53%eth0/onie-installer-powerpc ...
Jun  2 19:16:31 onie local0.info onie-exec: Info: Fetching http://fe80::16ae:dbff:fe2e:a53%eth0/onie-installer ...
Jun  2 19:16:31 onie local0.info onie-exec: Info: Fetching tftp://onie-server/80-A2-35-81-CA-AE/onie-installer-powerpc-accton_as5610_52x-r0 ...
Jun  2 19:16:31 onie local0.info onie-exec: Info: Fetching tftp://onie-server/0A0101DE/onie-installer-powerpc-accton_as5610_52x-r0 ...
Jun  2 19:16:31 onie local0.info onie-exec: Info: Fetching tftp://onie-server/0A0101D/onie-installer-powerpc-accton_as5610_52x-r0 ...
Jun  2 19:16:31 onie local0.info onie-exec: Info: Fetching tftp://onie-server/0A0101/onie-installer-powerpc-accton_as5610_52x-r0 ...
Jun  2 19:16:31 onie local0.info onie-exec: Info: Fetching tftp://onie-server/0A010/onie-installer-powerpc-accton_as5610_52x-r0 ...
Jun  2 19:16:31 onie local0.info onie-exec: Info: Fetching tftp://onie-server/0A01/onie-installer-powerpc-accton_as5610_52x-r0 ...
Jun  2 19:16:31 onie local0.info onie-exec: Info: Fetching tftp://onie-server/0A0/onie-installer-powerpc-accton_as5610_52x-r0 ...
Jun  2 19:16:31 onie local0.info onie-exec: Info: Fetching tftp://onie-server/0A/onie-installer-powerpc-accton_as5610_52x-r0 ...
Jun  2 19:16:31 onie local0.info onie-exec: Info: Fetching tftp://onie-server/0/onie-installer-powerpc-accton_as5610_52x-r0 ...
Jun  2 19:16:31 onie local0.info onie-exec: Info: Fetching tftp://onie-server/onie-installer-powerpc-accton_as5610_52x-r0 ...
Jun  2 19:16:31 onie local0.info onie-exec: Info: Fetching tftp://onie-server/onie-installer-powerpc-accton_as5610_52x ...
Jun  2 19:16:31 onie local0.info onie-exec: Info: Fetching tftp://onie-server/onie-installer-accton_as5610_52x ...
Jun  2 19:16:31 onie local0.info onie-exec: Info: Fetching tftp://onie-server/onie-installer-powerpc-bcm ...
Jun  2 19:16:31 onie local0.info onie-exec: Info: Fetching tftp://onie-server/onie-installer-powerpc ...
Jun  2 19:16:31 onie local0.info onie-exec: Info: Fetching tftp://onie-server/onie-installer ...
Jun  2 19:16:31 onie local0.info discover: Info: Sleeping for 20 seconds 
Jun  2 19:16:31 onie local0.info discover: 4..
Jun  2 19:16:36 onie local0.info discover: 3..
Jun  2 19:16:41 onie local0.info discover: 2..
Jun  2 19:16:46 onie local0.info discover: 1..
Jun  2 19:16:47 onie local0.info onie: Stopping: discover...
Jun  2 19:16:47 onie local0.info onie:  done.
Jun  2 19:16:48 onie local0.err onie-exec-error: Failure: Unknown URL type: --help
Jun  2 19:16:48 onie local0.err onie-error: Failure: /bin/onie-self-update: ONIE update unavailable in current ONIE mode: install
